共享坐标上限 VMAX = 68.0

=== primary 口径：每策略 own-set 归一化 ===
  PRESSURE    above= 6 below= 4 corr=+0.99  xmax= 39.3 ymax= 32.2 maxdev=  7.1 (D_high=202 D_low=206)
  ENCOURAGE   above= 6 below= 4 corr=+0.97  xmax= 49.2 ymax= 37.1 maxdev= 12.1 (D_high=170 D_low=419)
  CRITICAL    above= 6 below= 4 corr=+0.98  xmax= 46.4 ymax= 34.9 maxdev= 11.5 (D_high=192 D_low=332)
  MISLEADING  above= 6 below= 4 corr=+0.97  xmax= 44.1 ymax= 41.7 maxdev=  5.3 (D_high=132 D_low=458)
  HEURISTIC   above= 8 below= 2 corr=+0.94  xmax= 56.5 ymax= 36.7 maxdev= 19.8 (D_high=150 D_low=540)
saved C:\Users\kl001\.nanobot\DOA\signal_experts\redesign\fig_v4ownset\v4ownset_primary_PRESSURE.png
saved C:\Users\kl001\.nanobot\DOA\signal_experts\redesign\fig_v4ownset\v4ownset_primary_ENCOURAGE.png
saved C:\Users\kl001\.nanobot\DOA\signal_experts\redesign\fig_v4ownset\v4ownset_primary_CRITICAL.png
saved C:\Users\kl001\.nanobot\DOA\signal_experts\redesign\fig_v4ownset\v4ownset_primary_MISLEADING.png
saved C:\Users\kl001\.nanobot\DOA\signal_experts\redesign\fig_v4ownset\v4ownset_primary_HEURISTIC.png
saved C:\Users\kl001\.nanobot\DOA\signal_experts\redesign\fig_v4ownset\v4ownset_all_primary.png

=== multilabel 口径：每策略 own-set 归一化 ===
  PRESSURE    above= 8 below= 3 corr=+0.98  xmax= 44.2 ymax= 41.6 maxdev=  6.1 (D_high=202 D_low=206)
  ENCOURAGE   above= 9 below= 2 corr=+0.98  xmax= 53.5 ymax= 47.6 maxdev=  7.7 (D_high=170 D_low=419)
  CRITICAL    above= 8 below= 3 corr=+0.97  xmax= 52.4 ymax= 42.2 maxdev= 10.2 (D_high=192 D_low=332)
  MISLEADING  above= 7 below= 4 corr=+0.97  xmax= 51.5 ymax= 45.5 maxdev=  7.5 (D_high=132 D_low=458)
  HEURISTIC   above= 9 below= 2 corr=+0.90  xmax= 61.5 ymax= 44.0 maxdev= 17.5 (D_high=150 D_low=540)
saved C:\Users\kl001\.nanobot\DOA\signal_experts\redesign\fig_v4ownset\v4ownset_multilabel_PRESSURE.png
saved C:\Users\kl001\.nanobot\DOA\signal_experts\redesign\fig_v4ownset\v4ownset_multilabel_ENCOURAGE.png
saved C:\Users\kl001\.nanobot\DOA\signal_experts\redesign\fig_v4ownset\v4ownset_multilabel_CRITICAL.png
saved C:\Users\kl001\.nanobot\DOA\signal_experts\redesign\fig_v4ownset\v4ownset_multilabel_MISLEADING.png
saved C:\Users\kl001\.nanobot\DOA\signal_experts\redesign\fig_v4ownset\v4ownset_multilabel_HEURISTIC.png
saved C:\Users\kl001\.nanobot\DOA\signal_experts\redesign\fig_v4ownset\v4ownset_all_multilabel.png

=== primary 口径：各策略 net = high_share − low_share ===

[PRESSURE] 目标动作 链式推演
   信息整合         net= +4.02 (high 6.93 / low 2.91, n=20)
   约束对齐         net= +2.99 (high 3.96 / low 0.97, n=10)
   语用改写         net= +2.07 (high 6.44 / low 4.37, n=22)
   检索回忆         net= -2.05 (high 19.31 / low 21.36, n=83)
   探索发散         net= -3.62 (high 13.37 / low 16.99, n=62)
   链式推演         net= -7.14 (high 32.18 / low 39.32, n=146)  <= 目标

[ENCOURAGE] 目标动作 探索发散、长程一致
   抗扰判断         net= +5.85 (high 8.24 / low 2.39, n=24)
   检索回忆         net= +4.01 (high 20.00 / low 15.99, n=101)
   换表征          net= +1.27 (high 2.94 / low 1.67, n=12)
   分解规划         net= -0.27 (high 2.35 / low 2.63, n=15)
   探索发散         net= -0.31 (high 13.53 / low 13.84, n=81)  <= 目标
   链式推演         net=-12.11 (high 37.06 / low 49.16, n=269)

[CRITICAL] 目标动作 校验纠错
   校验纠错         net= +4.28 (high 7.29 / low 3.01, n=24)  <= 目标
   信息整合         net= +3.32 (high 5.73 / low 2.41, n=19)
   抗扰判断         net= +2.80 (high 5.21 / low 2.41, n=18)
   检索回忆         net= -0.75 (high 18.23 / low 18.98, n=98)
   分解规划         net= -1.17 (high 3.65 / low 4.82, n=23)
   链式推演         net=-11.49 (high 34.90 / low 46.39, n=221)

[MISLEADING] 目标动作 抗扰判断
   校验纠错         net= +5.16 (high 9.09 / low 3.93, n=30)
   语用改写         net= +2.79 (high 6.06 / low 3.28, n=23)
   检索回忆         net= +1.57 (high 19.70 / low 18.12, n=109)
   链式推演         net= -2.44 (high 41.67 / low 44.10, n=257)
   分解规划         net= -3.61 (high 0.76 / low 4.37, n=21)
   探索发散         net= -5.32 (high 9.09 / low 14.41, n=78)

[HEURISTIC] 目标动作 探索发散、换表征
   检索回忆         net= +6.67 (high 20.00 / low 13.33, n=102)
   探索发散         net= +4.59 (high 15.33 / low 10.74, n=81)  <= 目标
   语用改写         net= +3.52 (high 6.67 / low 3.15, n=27)
   长程一致         net= +0.00 (high 0.00 / low 0.00, n=0)
   换表征          net= -0.81 (high 0.67 / low 1.48, n=9)  <= 目标
   链式推演         net=-19.81 (high 36.67 / low 56.48, n=360)

=== multilabel 口径：目标动作 ===
  PRESSURE    链式推演 net=-3.09 (h41.09/l44.17 n=174)
  ENCOURAGE   探索发散 net=+1.97 (h20.59/l18.62 n=113) | 长程一致 net=+0.67 (h3.53/l2.86 n=18)
  CRITICAL    校验纠错 net=+5.13 (h11.46/l6.33 n=43)
  MISLEADING  抗扰判断 net=+2.75 (h10.61/l7.86 n=50)
  HEURISTIC   探索发散 net=+4.81 (h20.00/l15.19 n=112) | 换表征 net=+0.81 (h6.00/l5.19 n=37)
