数据：2801 行；策略 ['PRESSURE', 'ENCOURAGE', 'CRITICAL', 'MISLEADING', 'HEURISTIC']；族 6；难度档 3
A 森林图完成（12 张）
B 热力图完成（2 张）
C 散点完成（2 张）
E[primary] PRESSURE   目标 链式推演
        行级：目标 -0.38 pp (n=146) vs 非目标 +3.00 pp (n=262) → 差 -3.38 pp，置换 p=0.3750
        动作级等权：差 -3.82 pp，枚举 p=0.4000（10 种组合）
E[primary] ENCOURAGE  目标 探索发散、长程一致
        行级：目标 -12.18 pp (n=81) vs 非目标 -31.44 pp (n=508) → 差 +19.25 pp，置换 p=0.0007
        动作级等权：差 +4.73 pp，枚举 p=0.7000（10 种组合）
E[primary] CRITICAL   目标 校验纠错
        行级：目标 +7.20 pp (n=24) vs 非目标 -22.26 pp (n=500) → 差 +29.46 pp，置换 p=0.0031
        动作级等权：差 +19.58 pp，枚举 p=0.4000（10 种组合）
E[primary] MISLEADING 目标 抗扰判断
        行级：目标 -22.99 pp (n=28) vs 非目标 -33.28 pp (n=562) → 差 +10.29 pp，置换 p=0.2534
        动作级等权：差 +0.67 pp，枚举 p=1.0000（10 种组合）
E[primary] HEURISTIC  目标 探索发散、换表征
        行级：目标 -15.76 pp (n=90) vs 非目标 -45.31 pp (n=600) → 差 +29.54 pp，置换 p=0.0000
        动作级等权：差 +3.59 pp，枚举 p=0.7778（45 种组合）
E[multilabel] PRESSURE   目标 链式推演
        行级：目标 +0.35 pp (n=174) vs 非目标 +2.86 pp (n=234) → 差 -2.51 pp，置换 p=0.5022
        动作级等权：差 -4.69 pp，枚举 p=0.4545（11 种组合）
E[multilabel] ENCOURAGE  目标 探索发散、长程一致
        行级：目标 -11.69 pp (n=118) vs 非目标 -33.07 pp (n=471) → 差 +21.38 pp，置换 p=0.0000
        动作级等权：差 +3.84 pp，枚举 p=0.6000（55 种组合）
E[multilabel] CRITICAL   目标 校验纠错
        行级：目标 +4.80 pp (n=43) vs 非目标 -23.21 pp (n=481) → 差 +28.00 pp，置换 p=0.0004
        动作级等权：差 +14.30 pp，枚举 p=0.1818（11 种组合）
E[multilabel] MISLEADING 目标 抗扰判断
        行级：目标 -19.01 pp (n=50) vs 非目标 -34.07 pp (n=540) → 差 +15.06 pp，置换 p=0.0297
        动作级等权：差 +3.54 pp，枚举 p=0.4545（11 种组合）
E[multilabel] HEURISTIC  目标 探索发散、换表征
        行级：目标 -15.91 pp (n=143) vs 非目标 -48.13 pp (n=547) → 差 +32.22 pp，置换 p=0.0000
        动作级等权：差 +2.91 pp，枚举 p=0.7273（55 种组合）
E 完成（2 张）
D 完成（6 张图 + 3 组表/口径）