[data] rows=2801  tasks=683  (strategy x task)=2412  datasets=6
[data] delta: mean=-0.2682 sd=0.4839 min=-1.000 max=+1.000
[data] multi-run (strategy x task) share: 11.2%

[target] hit-test (continuous)
  strategy  dscore_bal  p_cont  q_cont  dpp_bal  p_bin
  PRESSURE     -0.0291  0.2918  0.5029  -0.0230 0.7057
 ENCOURAGE     -0.0407  0.2569  0.5029  -0.0703 0.2145
  CRITICAL      0.0703  0.3017  0.5029   0.0235 0.8379
MISLEADING      0.0087  0.8479  0.8479  -0.0136 0.8928
 HEURISTIC      0.0139  0.6983  0.8479  -0.0453 0.3192

[continuity] interaction RMS by scheme (binary gamma vs continuous)
  [v2      ] cats=12 n_tasks= 245 | bin: RMS=0.261 z=-1.72 p=0.970 | cont(raw): RMS=0.048 z=-1.27 p=0.881 | cont(z): RMS=0.190 z=-0.11 p=0.532
  [s1      ] cats= 9 n_tasks= 245 | bin: RMS=0.211 z=-1.13 p=0.861 | cont(raw): RMS=0.037 z=-0.79 p=0.816 | cont(z): RMS=0.144 z=-0.20 p=0.587
  [s2      ] cats= 8 n_tasks= 245 | bin: RMS=0.223 z=-1.25 p=0.896 | cont(raw): RMS=0.038 z=-1.16 p=0.876 | cont(z): RMS=0.163 z=+0.05 p=0.488
  [dataset ] cats= 6 n_tasks= 245 | bin: RMS=0.203 z=-0.58 p=0.697 | cont(raw): RMS=0.033 z=-1.91 p=0.980 | cont(z): RMS=0.115 z=-0.21 p=0.592
  [v4      ] cats=10 n_tasks= 245 | bin: RMS=0.278 z=-0.52 p=0.706 | cont(raw): RMS=0.051 z=-0.25 p=0.607 | cont(z): RMS=0.206 z=+0.95 p=0.189
  [v2      ] cats=12 n_tasks= 683 | bin: RMS=0.258 z=-0.87 p=0.771 | cont(raw): RMS=0.079 z=+1.93 p=0.035 | cont(z): RMS=0.158 z=+0.56 p=0.294
  [s1      ] cats=10 n_tasks= 683 | bin: RMS=0.224 z=-0.50 p=0.706 | cont(raw): RMS=0.079 z=+2.59 p=0.010 | cont(z): RMS=0.116 z=-0.00 p=0.498
  [s2      ] cats= 8 n_tasks= 683 | bin: RMS=0.215 z=-0.85 p=0.791 | cont(raw): RMS=0.076 z=+2.22 p=0.020 | cont(z): RMS=0.126 z=+0.76 p=0.229
  [dataset ] cats= 6 n_tasks= 683 | bin: RMS=0.365 z=+6.23 p=0.005 | cont(raw): RMS=0.100 z=+13.17 p=0.005 | cont(z): RMS=0.191 z=+7.19 p=0.005
  [v4      ] cats=10 n_tasks= 683 | bin: RMS=0.240 z=-0.69 p=0.776 | cont(raw): RMS=0.074 z=+1.77 p=0.045 | cont(z): RMS=0.144 z=+0.88 p=0.174

[fig] saved -> C:\Users\kl001\.nanobot\DOA\signal_experts\redesign\fig_v4c

[summary] -> summary_v4c.md
