type        #rows  #uniq
L1-E        179     31
L1-F         12      3
L1-K        249     49
L1-R        680    197
L2-E        170     37
L2-F         96     13
L2-K        281     60
L2-R        643    195
L3-E        129     25
L3-F         32      7
L3-K        112     27
L3-R        218     39

================== PRESSURE
               high  low  total   A_x    A_y   B_x   B_y
thinking_type                                           
L1-E             13   12     25  48.0   52.0   6.7   7.3
L1-F              2    0      2   0.0  100.0   0.0  16.7
L1-K             27   18     45  40.0   60.0   7.2  10.8
L1-R             32   38     70  54.3   45.7   5.6   4.7
L2-E             14   17     31  54.8   45.2  10.0   8.2
L2-F              6   10     16  62.5   37.5  10.4   6.2
L2-K             26   22     48  45.8   54.2   7.8   9.3
L2-R             39   43     82  52.4   47.6   6.7   6.1
L3-E             11   11     22  50.0   50.0   8.5   8.5
L3-F              3    2      5  40.0   60.0   6.2   9.4
L3-K             13    9     22  40.9   59.1   8.0  11.6
L3-R             16   24     40  60.0   40.0  11.0   7.3

================== ENCOURAGE
               high  low  total    A_x   A_y   B_x  B_y
thinking_type                                          
L1-E              8   32     40   80.0  20.0  17.9  4.5
L1-F              0    2      2  100.0   0.0  16.7  0.0
L1-K             23   31     54   57.4  42.6  12.4  9.2
L1-R             27  123    150   82.0  18.0  18.1  4.0
L2-E             12   17     29   58.6  41.4  10.0  7.1
L2-F              5   14     19   73.7  26.3  14.6  5.2
L2-K             19   41     60   68.3  31.7  14.6  6.8
L2-R             36   96    132   72.7  27.3  14.9  5.6
L3-E              8   19     27   70.4  29.6  14.7  6.2
L3-F              3    4      7   57.1  42.9  12.5  9.4
L3-K              9   14     23   60.9  39.1  12.5  8.0
L3-R             20   26     46   56.5  43.5  11.9  9.2
